funding 1000BONK 6079
funding 1000CAT 4075
funding 1000FLOKI 3640
funding 1000LUNC 4357
funding 1000PEPE 3643
funding 1000SATS 5959
funding 1000SHIB 5818
funding 1INCH 6226
funding AAVE 6437
funding ACE 6181
funding ACH 3860
funding ACT 3949
funding ADA 7249
funding AEVO 5407
funding AGIX 2565
funding AI 5045
funding AI16Z 1847
funding ALGO 6849
funding ALICE 6600
funding ALT 5695
funding ANKR 6664
funding APE 4885
funding API3 8709
funding APT 4240
funding AR 5399
funding ARB 3773
funding ARKM 3394
funding ARPA 5333
funding ATA 5170
funding ATOM 7195
funding AVAX 6508
funding AXL 6169
funding AXS 7166
funding BAKE 4795
funding BANANA 4635
funding BAND 6674
funding BAT 7175
funding BB 5041
funding BCH 7305
funding BERA 3427
funding BICO 3206
funding BIGTIME 6325
funding BLUR 4167
funding BNB 7184
funding BNX 2998
funding BOME 5391
funding BRETT 4448
funding BTC 7305
funding C98 5501
funding CAKE 6199
funding CATI 4268
funding CELO 5399
funding CELR 5945
funding CFX 3866
funding CHZ 6207
funding COMP 6761
funding COTI 6734
funding CRV 6572
funding CTSI 5312
funding CYBER 6521
funding DASH 7202
funding DENT 5563
funding DOGE 6731
funding DOGS 4411
funding DOT 6608
funding DRIFT 4117
funding DYDX 5452
funding DYM 5619
funding EDU 3664
funding EGLD 6535
funding EIGEN 4197
funding ENA 5287
funding ENJ 7257
funding ENS 5209
funding EOS 7283
funding ETC 7259
funding ETH 7305
funding ETHFI 5377
funding FARTCOIN 3714
funding FET 3971
funding FIL 6437
funding FLOW 6105
funding FTM 5190
funding FXS 3247
funding GALA 5428
funding GAS 6289
funding GMT 5686
funding GMX 3875
funding GOAT 4057
funding GRASS 3967
funding GRT 6245
funding HBAR 5981
funding HIGH 3673
funding HMSTR 4225
funding HOOK 3478
funding HOT 5942
funding HYPE 2750
funding ICP 4383
funding ICX 7052
funding ID 4127
funding IMX 8151
funding INJ 4429
funding IO 4867
funding IOTA 7178
funding IOTX 5539
funding IP 3569
funding JASMY 4787
funding JOE 3757
funding JTO 5984
funding JUP 5656
funding KAITO 3343
funding KAS 6114
funding KAVA 8309
funding KMNO 3714
funding KNC 6785
funding KSM 6443
funding LAYER 5514
funding LDO 4319
funding LINK 7256
funding LISTA 4813
funding LPT 9339
funding LRC 6662
funding LTC 7280
funding LUNA2 5712
funding MAGIC 5440
funding MANA 5987
funding MANTA 5737
funding MASK 7597
funding MATIC 6419
funding ME 5018
funding MEME 6193
funding MEW 4831
funding MINA 3917
funding MKR 5557
funding MOODENG 4052
funding MOVE 3817
funding NEAR 6442
funding NEIRO 4286
funding NEO 7163
funding NFP 5521
funding NKN 6169
funding NOT 5023
funding OCEAN 5070
funding OGN 6499
funding OM 4623
funding ONDO 5725
funding ONE 5978
funding OP 4658
funding ORCA 4817
funding ORDI 6169
funding PENDLE 3400
funding PENGU 3733
funding PEOPLE 5137
funding PIXEL 5584
funding PNUT 3949
funding POL 4303
funding POPCAT 4435
funding PORTAL 5485
funding PYTH 6079
funding QTUM 7125
funding RDNT 3311
funding RENDER 4598
funding REZ 5119
funding RLC 6668
funding RNDR 1678
funding ROSE 5117
funding RSR 6428
funding RUNE 6563
funding S 3554
funding SAGA 5248
funding SAND 6134
funding SCR 4070
funding SEI 3334
funding SKL 7304
funding SNX 6626
funding SOL 6610
funding SPX 3775
funding SSV 3857
funding STORJ 7368
funding STRK 5539
funding STX 3863
funding SUI 3649
funding SUN 4435
funding SUSHI 6563
funding SXP 5890
funding TAO 5233
funding THE 3853
funding THETA 6865
funding TIA 6210
funding TNSR 6039
funding TON 5064
funding TRB 9729
funding TRUMP 3541
funding TRX 7262
funding TURBO 4939
funding UMA 6496
funding UNI 6524
funding USTC 6050
funding USUAL 3727
funding VET 7172
funding VIRTUAL 3775
funding W 5281
funding WIF 5737
funding WLD 3403
funding WOO 4822
funding XAI 5791
funding XLM 7249
funding XMR 7212
funding XRP 7289
funding XTZ 8463
funding YFI 6575
funding ZEC 7202
funding ZETA 5649
funding ZIL 7598
funding ZK 4877
funding ZRO 4813
spot 1000BONK 24024
spot 1000CAT 0
spot 1000FLOKI 24024
spot 1000LUNC 24024
spot 1000PEPE 24024
spot 1000SATS 0
spot 1000SHIB 24024
spot 1INCH 24024
spot AAVE 24024
spot ACE 24024
spot ACH 24024
spot ACT 16454
spot ADA 24024
spot AEVO 22286
spot AGIX 4371
spot AI 23942
spot AI16Z 0
spot ALGO 24024
spot ALICE 24024
spot ALT 23438
spot ANKR 24024
spot APE 24024
spot API3 24024
spot APT 24024
spot AR 24024
spot ARB 24024
spot ARKM 24024
spot ARPA 24024
spot ATA 21051
spot ATOM 24024
spot AVAX 24024
spot AXL 22573
spot AXS 24024
spot BAKE 15003
spot BANANA 19191
spot BAND 24024
spot BAT 24024
spot BB 20822
spot BCH 24024
spot BERA 14363
spot BICO 24024
spot BIGTIME 12826
spot BLUR 24024
spot BNB 24024
spot BNX 10611
spot BOME 22212
spot BRETT 0
spot BTC 24024
spot C98 24024
spot CAKE 24024
spot CATI 17701
spot CELO 24024
spot CELR 24024
spot CFX 24024
spot CHZ 24024
spot COMP 24024
spot COTI 24024
spot CRV 24024
spot CTSI 24024
spot CYBER 24024
spot DASH 24024
spot DENT 20355
spot DOGE 24024
spot DOGS 18300
spot DOT 24024
spot DRIFT 0
spot DYDX 24024
spot DYM 23143
spot EDU 24026
spot EGLD 24024
spot EIGEN 17443
spot ENA 21808
spot ENJ 24024
spot ENS 24024
spot EOS 12267
spot ETC 24024
spot ETH 24024
spot ETHFI 22164
spot FARTCOIN 0
spot FET 24024
spot FIL 24024
spot FLOW 24024
spot FTM 9075
spot FXS 17835
spot GALA 24024
spot GAS 24024
spot GMT 24024
spot GMX 24024
spot GOAT 0
spot GRASS 0
spot GRT 24024
spot HBAR 24024
spot HIGH 21603
spot HMSTR 17556
spot HOOK 19707
spot HOT 24024
spot HYPE 85
spot ICP 24024
spot ICX 23427
spot ID 24024
spot IMX 24024
spot INJ 24024
spot IO 20124
spot IOTA 24024
spot IOTX 24024
spot IP 0
spot JASMY 24024
spot JOE 24024
spot JTO 24024
spot JUP 23288
spot KAITO 14027
spot KAS 0
spot KAVA 24024
spot KMNO 12225
spot KNC 24024
spot KSM 24024
spot LAYER 14242
spot LDO 24024
spot LINK 24024
spot LISTA 19910
spot LPT 24024
spot LRC 19707
spot LTC 24024
spot LUNA2 0
spot MAGIC 24024
spot MANA 24024
spot MANTA 23606
spot MASK 24024
spot MATIC 6075
spot ME 15753
spot MEME 24024
spot MEW 0
spot MINA 24024
spot MKR 14955
spot MOODENG 0
spot MOVE 15780
spot NEAR 24024
spot NEIRO 17798
spot NEO 24024
spot NFP 22107
spot NKN 18579
spot NOT 20748
spot OCEAN 4371
spot OGN 24024
spot OM 18987
spot ONDO 12826
spot ONE 24024
spot OP 24024
spot ORCA 15851
spot ORDI 24024
spot PENDLE 24024
spot PENGU 15586
spot PEOPLE 24024
spot PIXEL 22838
spot PNUT 16454
spot POL 17870
spot POPCAT 0
spot PORTAL 22598
spot PYTH 23244
spot QTUM 24024
spot RDNT 19707
spot RENDER 19048
spot REZ 21132
spot RLC 24024
spot RNDR 4875
spot ROSE 24024
spot RSR 24024
spot RUNE 24024
spot S 14872
spot SAGA 21640
spot SAND 24024
spot SCR 17174
spot SEI 24024
spot SKL 24024
spot SNX 24024
spot SOL 24024
spot SPX 0
spot SSV 24024
spot STORJ 23427
spot STRK 22811
spot STX 24024
spot SUI 24024
spot SUN 24024
spot SUSHI 24024
spot SXP 19707
spot TAO 21588
spot THE 16070
spot THETA 24024
spot TIA 24024
spot TNSR 21657
spot TON 16577
spot TRB 24024
spot TRUMP 14800
spot TRX 24024
spot TURBO 17798
spot UMA 24024
spot UNI 24024
spot USTC 24024
spot USUAL 16236
spot VET 24024
spot VIRTUAL 12826
spot W 21780
spot WIF 22474
spot WLD 24024
spot WOO 24024
spot XAI 23822
spot XLM 24024
spot XMR 1203
spot XRP 24024
spot XTZ 24024
spot YFI 24024
spot ZEC 24024
spot ZETA 0
spot ZIL 24024
spot ZK 19982
spot ZRO 19907
