1inch 50453 2020-12-25 2026-09-27
aave 52154 2020-10-15 2026-09-27
ada 64181 2019-06-01 2026-09-27
algo 63677 2019-06-22 2026-09-27
alpha 41451 2020-10-10 2025-07-04
ant 30846 2020-08-13 2024-02-20
bal 40994 2020-08-11 2025-04-16
bat 64181 2019-06-01 2026-09-27
bch 59863 2019-11-28 2026-09-27
bnb 64181 2019-06-01 2026-09-27
btc 64181 2019-06-01 2026-09-27
comp 54836 2020-06-25 2026-09-27
crv 53617 2020-08-15 2026-09-27
cvc 58397 2019-08-27 2026-09-27
dash 64181 2019-06-01 2026-09-27
doge 63353 2019-07-05 2026-09-27
dot 53526 2020-08-18 2026-09-27
etc 64181 2019-06-01 2026-09-27
eth 64181 2019-06-01 2026-09-27
flow 45244 2021-07-30 2026-09-27
ftt 51876 2019-12-20 2026-09-27
gas 30975 2023-03-17 2026-09-27
icp 47176 2021-05-11 2026-09-27
knc 55146 2020-06-12 2026-09-27
ldo 38460 2022-05-09 2026-09-27
link 64181 2019-06-01 2026-09-27
loom 12498 2023-03-24 2024-08-26
lpt 46764 2021-05-28 2026-09-27
ltc 64181 2019-06-01 2026-09-27
mana 53827 2020-08-06 2026-09-27
mkr 45090 2020-07-23 2025-09-15
neo 64181 2019-06-01 2026-09-27
omg 44192 2019-06-01 2024-06-17
powr 42617 2021-11-17 2026-09-27
qnt 45275 2021-07-29 2026-09-27
ren 45628 2019-09-25 2024-12-10
snt 16747 2023-05-19 2025-04-16
snx 54497 2020-07-09 2026-09-27
srm 20108 2020-08-11 2022-11-28
sushi 53202 2020-09-01 2026-09-27
trx 64181 2019-06-01 2026-09-27
uma 53012 2020-09-09 2026-09-27
uni 52826 2020-09-17 2026-09-27
xem 31195 2020-11-24 2024-06-17
xlm 64181 2019-06-01 2026-09-27
xmr 41360 2019-06-01 2024-02-20
xrp 64181 2019-06-01 2026-09-27
xtz 61418 2019-09-24 2026-09-27
xvg 46543 2021-06-06 2026-09-27
yfi 53729 2020-08-10 2026-09-27
zec 64181 2019-06-01 2026-09-27
zrx 64181 2019-06-01 2026-09-27
