BTC 24024
ETH 24024
BNB 24024
SOL 24024
XRP 24024
DOGE 24024
ADA 24024
TRX 24024
AVAX 24024
LINK 24024
DOT 24024
MATIC 6106
POL 17868
LTC 24024
BCH 24024
NEAR 24024
UNI 24024
ATOM 24024
ETC 24024
FIL 24024
APT 24024
ARB 24024
OP 24024
SUI 24024
SEI 24024
TIA 24024
INJ 24024
STX 24024
IMX 24024
RNDR 5071
RENDER 19046
FET 24024
AGIX 24024
OCEAN 24024
GRT 24024
AAVE 24024
MKR 24024
LDO 24024
CRV 24024
SNX 24024
DYDX 24024
GMX 24024
PENDLE 24024
JUP 23286
PYTH 24024
JTO 24024
WIF 23602
1000PEPE 24024
1000SHIB 24024
1000BONK 24024
1000FLOKI 24024
ORDI 24024
1000SATS 24024
WLD 24024
ENA 21804
ETHFI 22161
ONDO 23555
TAO 21586
TON 22572
NOT 20746
PEOPLE 24024
MEME 24024
BOME 22212
ENS 24024
ICP 24024
HBAR 24024
VET 24024
ALGO 24024
XLM 24024
XMR 24024
ZEC 24024
DASH 24024
EOS 12154
NEO 24024
QTUM 24024
KAVA 24024
RUNE 24024
THETA 24024
SAND 24024
MANA 24024
AXS 24024
GALA 24024
APE 24024
CHZ 24024
FTM 24024
S 14870
BLUR 24024
CFX 24024
KAS 24024
AR 24024
ALT 23434
STRK 22807
ZK 19981
ZRO 19906
W 21777
EIGEN 17442
TRUMP 14819
VIRTUAL 15756
AI16Z 15203
FARTCOIN 15510
PNUT 16452
NEIRO 17797
POPCAT 18395
GOAT 16883
MOODENG 16862
TURBO 20409
BRETT 18446
PENGU 15584
MOVE 15778
ME 15751
USUAL 15563
BERA 14361
IP 14191
KAITO 14027
LAYER 14241
JASMY 24024
IOTA 24024
XTZ 24024
EGLD 24024
FLOW 24024
MINA 24024
ROSE 24024
CELO 24024
1INCH 24024
COMP 24024
YFI 24024
SUSHI 24024
LRC 24024
ZIL 24024
ICX 24024
ONE 24024
KSM 24024
WOO 24024
SSV 24024
GAS 24024
TRB 24024
BAND 24024
API3 24024
MASK 24024
ACH 24024
HOOK 24024
MAGIC 24024
RDNT 24024
ID 24024
CYBER 24024
ARKM 24024
BIGTIME 24024
AEVO 22283
MANTA 23602
DYM 23129
PIXEL 22833
PORTAL 22593
AXL 22569
SAGA 21638
TNSR 21655
OM 22978
IO 20122
LISTA 19908
BANANA 18574
DOGS 18300
HMSTR 17556
CATI 17701
SCR 16934
GRASS 16521
DRIFT 16521
ACT 16452
THE 16068
HYPE 11654
SPX 15756
1000CAT 16956
MEW 19978
BNX 24024
RSR 24024
SUN 18395
BAKE 24024
LUNA2 24024
1000LUNC 24024
USTC 24024
GMT 24024
ENJ 24024
ATA 24024
C98 24024
SXP 21168
ALICE 24024
DENT 24024
HOT 24024
CELR 24024
COTI 24024
KNC 24024
ANKR 24024
STORJ 24024
SKL 24024
BAT 24024
OGN 24024
RLC 24024
NKN 24024
ARPA 24024
IOTX 24024
CTSI 24024
LPT 24024
UMA 24024
BICO 24024
JOE 24024
HIGH 24024
EDU 24024
FXS 24024
CAKE 24024
XAI 23818
AI 23844
NFP 24024
ACE 24024
ORCA 15849
KMNO 15509
ZETA 23248
REZ 21130
BB 20820
